CBC Vigenere by Kyle Martinez
Plaintext file name: test/input/1_bugs.txt
Vigenere keyword: secret
Initialization vector: pdqist

Clean Plaintext:

withallthebooksonprogrammingandalltheyearsthatthehasbeenaroundandpopularyoudthin
kthatanyquirkswouldhavebeenwelldocumentedbynowbutnooooosoforthoseofyouinvolvedin
assemblerormachinelanguageprogrammingherearesomeboobytrapsthosemarkedwitharesupp
osedlyfixedinthecmospartssuchascandcbutnotthecsoreturnaddresspushedonthestackbyj
srisonelessthanactualnextinstructionrtsincrementspcafterpoppingrtidoesntothestat
usbitspushedonthestackbyphphavethebreakpointbitsetotheddecimalmodeflagisnotdefin
edafterresetotheddecimalmodeflagisnotclearedbyinterruptsotheadcandsbcinstruction
sdontsetnvandzstatusbitsifdecimalmodeisoncstatusissetcorrectlyoanindirectjmpxxff
willfailbecausethemsbwillbefetchedfromaddressxxinsteadofpagexxoifaninterruptoccu
rsonabrkinstructionthebreakpointisignoredotherorinstructiondidntexistintheveryea
rliestprechipsoundefinedopcodesdostrangethingssomelockupthecpuunlikemostmicropro
cessorsthedoesnotmakememoryaccessesonanasneededbasisitalwaysdoesafetchorstoreone
verysingleclockcyclethereareafewcasesthoughwherethereisntanythingtobefetchedorst
oredandagarbagefetchorstoreoccursthisismainlyofimportancewiththememorymappediode
vicesowhenaddingacarrytothemsbofanaddressafetchoccursatagarbageaddressthecmoschi
psrefetchthelastbyteoftheinstructionowhendoingafetchmodifystoreinstructionincdec
asllsrrolrorgarbageisstoredintothelocationduringthemodifycyclefollowedbythereals
torecyclewhichstoresthecorrectdatathecmoschipsdoasecondfetchinsteadofagarbagesto
rethesearentreallybugsbuttherearesomeinstructionsthatjustseemliketheyoughttobeth
erebutarentoincaanddecaobrarelativeunconditionalbranchobitimmediatethecmoschipsa
lsohavebitabsolutexandbitzeropagexostxabsoluteyandstyabsolutexhowcomeldxandldyca
nusetheseaddressingmodesbutthematchingstoreinstructionscantosevsetoverflowbitpro
bablynotreallyusefulbutyoucansetandclearalloftheotherstatusbitsandthereisaclvope
rsonallyidalsoliketohaveclearaandtestainstructionsthesewouldbetwiceasfastandhalf
asbigasldaandcmpironicallythecmoschipshaveanstzstorezeroinstructionwhichcanclear
amemorylocationbutstillcantcleartheaccumulatoroidalsoliketohavebsrrelativeasubro
utinecallthatsrelocatablefixedinthecmosversionsccetc

Ciphertext:

dplgwxgmubbemaogsmvswowrzellaxuiynxxqkeesibvgopixgixuftxkfmsyemjtaexilxkupefukug
qpfdfkfezqffrnzxruwldlnzcguajopamvvevejsqjvibhjhqmtopzgvlmvubtdxrmiivkrdfnkynkpr
ojxsdjdggkwmhbfwlhwukghygrrbxvbkvrhzlkrmnqghbebllohjbvghofwtyskvybmpfvilxiodcwqq
uziqfhrlhlmiwiqgsncehxnzmadqyswgfufnpeayxzapgrtgjxbcombegkwxlxcthugprdsrqmtwglgz
neswmqtgahwncxraqkyoggmltnxrxgpgusdxiqqtidblgqnavrmjkxbzfqrqldpaccqixlhzgsiirwic
gtkidlzgutjfrmfepoofzssdhfgdupprflxxxkhenwowaqifwignradectbdhiglgyqmyvqhhtjcwdtz
fjyzqwoeeiyiubndfeqhxgjiuzcbsmmjmkjtxpzfndtwcuzjeevcxrpalmiohhpdzkrmtcqvchpvnwiy
jpfctupzwqllupscdiqyxdoeaueaiqoltfoxukpmtdoutyfzydpvqfolkskcbaclpoquovluluedavsq
eedkzhqiwsdyotspmteelpwvtyhycfzydfjnrdvmovzofnnuqzqvpoixxzxjjndleaaoiikivbpfabbo
ybqffihpajbuqnetnbvknoslrozukmwljdwlbdcydsmoigvcmfcqqpgcmvhlgjbfpbgfwegnfntzbebr
mbnblodjvwkausnjphaozploqufwgwkoxhrrmsheccwwrpmukrgwgigxdwcoxibcfajdrjpxxcxtvqqh
dqfmgpzceuluhnjmgxlqfcmadavgqtllfokycekseckbfajuomfwtesqtatnzxpwvjhjjhlrdvpcrwus
ckklqthuxgwxnajzysqiexgcmmxskaimbjgxsjkoewrjtjztcuzrhumluiylxwemixdbkiqjxmqcithj
gkqpzalbaiifnyigecrwaqozheixifdmejhrxlaozdmncvwpatufhtpmcuhqywnrlymbiipcdhqepuic
pfjcchpfftebwgkdguaqtfbzxqpvvrpohmxlwydircfvooahlqajuyijynnqmiurskhfennipaifhbab
pbawjyahjguvdldqzmottmwmkfivtwwldulcclmpcyixbmgweufkwdzgmzspfbsyjaqworgbwnyvmxst
aebbcotjqlijbalfathzhqllauorqiqezotauvwpzrzgrqebuezvkieabqaorvkxddhistwfcgadsjpp
xkbrtedoxrcdjohoslrzszyejjbhcoqcmlxmyxqdrfjyxzwknjtfmouhpcqmgnzzwdnuwdeuioonkdfv
xvfbngtzyweschaytjvfihywgcrcttyxxllyujmuiigphtaoqmqkxqciltfngxvunzffvzlyecqeqvpn
wmypbkyugvmciymoetnsujwlqaytsaskkhoyhdcnjkccutbzfkyzvkvcklvajxrmnxphcjhnfqijhgzh
xunrbtfonodlbvqmygcovtbfzgrorldfnphuavfubzpiqcbqgeazbhlpgoxrtffgvklkbvaypqwkfnvj
bizisjxefzzfgmzillecpctwxakmetbeffpugozphecaoyeoogjxwuymlbtbiuikbnotoskrutrrhzdl
uimdtckshalrxhflhatjkyscjuqrxypeuxseczyhktpehtjbfosqsxafpdcckplwhjfntgdvzezkqnqz
uvwesbjmwludftzxgycaybdtieufwkmkpcctjdptwdeqjqgivbubmrdqazzlinlzjeqgvilnnzapuecx
slxdmqcacuqwxgqacgdxatgkgzvrofkrpkzgrnybydjeslbouwlgeldovkaxmmzumermitselqxmhbdl
zppgjgzrhbbdjwyvnadgkzqgfkhutohseupsllczbhnvujhtsmjunicnrgttezzadoxuotoaupseafnu
qqawtnuudtcerfmbpjxyxfslfwxgyfrcireyhjsqkgdkyhezjhjndnkx

Number of characters in clean plaintext file: 2132
Block size = 6
Number of pad characters added: 4
